<!doctype html public "-//w3c//dtd html 4.0 transitional//en">
<html><head>
<title>Static Call Graph - [.\Objects\cm3_demo.axf]</title></head>
<body><HR>
<H1>Static Call Graph for image .\Objects\cm3_demo.axf</H1><HR>
<BR><P>#&#060CALLGRAPH&#062# ARM Linker, 6180002: Last Updated: Tue Feb 28 00:17:48 2023
<BR><P>
<H3>Maximum Stack Usage =         32 bytes + Unknown(Cycles, Untraceable Function Pointers)</H3><H3>
Call chain for Maximum Stack Depth:</H3>
main &rArr; SPI_WriteBuffer
<P>
<H3>
Mutually Recursive functions
</H3> <LI><a href="#[1]">NMI_Handler</a>&nbsp;&nbsp;&nbsp;&rArr;&nbsp;&nbsp;&nbsp;<a href="#[1]">NMI_Handler</a><BR>
 <LI><a href="#[2]">HardFault_Handler</a>&nbsp;&nbsp;&nbsp;&rArr;&nbsp;&nbsp;&nbsp;<a href="#[2]">HardFault_Handler</a><BR>
 <LI><a href="#[3]">MemManage_Handler</a>&nbsp;&nbsp;&nbsp;&rArr;&nbsp;&nbsp;&nbsp;<a href="#[3]">MemManage_Handler</a><BR>
 <LI><a href="#[4]">BusFault_Handler</a>&nbsp;&nbsp;&nbsp;&rArr;&nbsp;&nbsp;&nbsp;<a href="#[4]">BusFault_Handler</a><BR>
 <LI><a href="#[5]">UsageFault_Handler</a>&nbsp;&nbsp;&nbsp;&rArr;&nbsp;&nbsp;&nbsp;<a href="#[5]">UsageFault_Handler</a><BR>
 <LI><a href="#[6]">SVC_Handler</a>&nbsp;&nbsp;&nbsp;&rArr;&nbsp;&nbsp;&nbsp;<a href="#[6]">SVC_Handler</a><BR>
 <LI><a href="#[7]">DebugMon_Handler</a>&nbsp;&nbsp;&nbsp;&rArr;&nbsp;&nbsp;&nbsp;<a href="#[7]">DebugMon_Handler</a><BR>
 <LI><a href="#[8]">PendSV_Handler</a>&nbsp;&nbsp;&nbsp;&rArr;&nbsp;&nbsp;&nbsp;<a href="#[8]">PendSV_Handler</a><BR>
 <LI><a href="#[13]">DUALTIMER_Handler</a>&nbsp;&nbsp;&nbsp;&rArr;&nbsp;&nbsp;&nbsp;<a href="#[13]">DUALTIMER_Handler</a><BR>
</UL>
<P>
<H3>
Function Pointers
</H3><UL>
 <LI><a href="#[4]">BusFault_Handler</a> from startup_ds_cm3.o(.text) referenced from startup_ds_cm3.o(RESET)
 <LI><a href="#[13]">DUALTIMER_Handler</a> from startup_ds_cm3.o(.text) referenced from startup_ds_cm3.o(RESET)
 <LI><a href="#[7]">DebugMon_Handler</a> from startup_ds_cm3.o(.text) referenced from startup_ds_cm3.o(RESET)
 <LI><a href="#[37]">ETHERNET_Handler</a> from startup_ds_cm3.o(.text) referenced from startup_ds_cm3.o(RESET)
 <LI><a href="#[18]">GPIO0_0_Handler</a> from startup_ds_cm3.o(.text) referenced from startup_ds_cm3.o(RESET)
 <LI><a href="#[22]">GPIO0_10_Handler</a> from startup_ds_cm3.o(.text) referenced from startup_ds_cm3.o(RESET)
 <LI><a href="#[23]">GPIO0_11_Handler</a> from startup_ds_cm3.o(.text) referenced from startup_ds_cm3.o(RESET)
 <LI><a href="#[24]">GPIO0_12_Handler</a> from startup_ds_cm3.o(.text) referenced from startup_ds_cm3.o(RESET)
 <LI><a href="#[25]">GPIO0_13_Handler</a> from startup_ds_cm3.o(.text) referenced from startup_ds_cm3.o(RESET)
 <LI><a href="#[26]">GPIO0_14_Handler</a> from startup_ds_cm3.o(.text) referenced from startup_ds_cm3.o(RESET)
 <LI><a href="#[27]">GPIO0_15_Handler</a> from startup_ds_cm3.o(.text) referenced from startup_ds_cm3.o(RESET)
 <LI><a href="#[19]">GPIO0_1_Handler</a> from startup_ds_cm3.o(.text) referenced from startup_ds_cm3.o(RESET)
 <LI><a href="#[1a]">GPIO0_2_Handler</a> from startup_ds_cm3.o(.text) referenced from startup_ds_cm3.o(RESET)
 <LI><a href="#[1b]">GPIO0_3_Handler</a> from startup_ds_cm3.o(.text) referenced from startup_ds_cm3.o(RESET)
 <LI><a href="#[1c]">GPIO0_4_Handler</a> from startup_ds_cm3.o(.text) referenced from startup_ds_cm3.o(RESET)
 <LI><a href="#[1d]">GPIO0_5_Handler</a> from startup_ds_cm3.o(.text) referenced from startup_ds_cm3.o(RESET)
 <LI><a href="#[1e]">GPIO0_6_Handler</a> from startup_ds_cm3.o(.text) referenced from startup_ds_cm3.o(RESET)
 <LI><a href="#[1f]">GPIO0_7_Handler</a> from startup_ds_cm3.o(.text) referenced from startup_ds_cm3.o(RESET)
 <LI><a href="#[20]">GPIO0_8_Handler</a> from startup_ds_cm3.o(.text) referenced from startup_ds_cm3.o(RESET)
 <LI><a href="#[21]">GPIO0_9_Handler</a> from startup_ds_cm3.o(.text) referenced from startup_ds_cm3.o(RESET)
 <LI><a href="#[f]">GPIO0_Handler</a> from startup_ds_cm3.o(.text) referenced from startup_ds_cm3.o(RESET)
 <LI><a href="#[10]">GPIO1_Handler</a> from startup_ds_cm3.o(.text) referenced from startup_ds_cm3.o(RESET)
 <LI><a href="#[32]">GPIO2_Handler</a> from startup_ds_cm3.o(.text) referenced from startup_ds_cm3.o(RESET)
 <LI><a href="#[33]">GPIO3_Handler</a> from startup_ds_cm3.o(.text) referenced from startup_ds_cm3.o(RESET)
 <LI><a href="#[3e]">GPIO4_Handler</a> from startup_ds_cm3.o(.text) referenced from startup_ds_cm3.o(RESET)
 <LI><a href="#[3f]">GPIO5_Handler</a> from startup_ds_cm3.o(.text) referenced from startup_ds_cm3.o(RESET)
 <LI><a href="#[2]">HardFault_Handler</a> from startup_ds_cm3.o(.text) referenced from startup_ds_cm3.o(RESET)
 <LI><a href="#[38]">I2S_Handler</a> from startup_ds_cm3.o(.text) referenced from startup_ds_cm3.o(RESET)
 <LI><a href="#[39]">MPS2_SPI0_Handler</a> from startup_ds_cm3.o(.text) referenced from startup_ds_cm3.o(RESET)
 <LI><a href="#[3a]">MPS2_SPI1_Handler</a> from startup_ds_cm3.o(.text) referenced from startup_ds_cm3.o(RESET)
 <LI><a href="#[3b]">MPS2_SPI2_Handler</a> from startup_ds_cm3.o(.text) referenced from startup_ds_cm3.o(RESET)
 <LI><a href="#[3c]">MPS2_SPI3_Handler</a> from startup_ds_cm3.o(.text) referenced from startup_ds_cm3.o(RESET)
 <LI><a href="#[3d]">MPS2_SPI4_Handler</a> from startup_ds_cm3.o(.text) referenced from startup_ds_cm3.o(RESET)
 <LI><a href="#[3]">MemManage_Handler</a> from startup_ds_cm3.o(.text) referenced from startup_ds_cm3.o(RESET)
 <LI><a href="#[1]">NMI_Handler</a> from startup_ds_cm3.o(.text) referenced from startup_ds_cm3.o(RESET)
 <LI><a href="#[8]">PendSV_Handler</a> from startup_ds_cm3.o(.text) referenced from startup_ds_cm3.o(RESET)
 <LI><a href="#[2d]">RESERVED10_Handler</a> from startup_ds_cm3.o(.text) referenced from startup_ds_cm3.o(RESET)
 <LI><a href="#[2e]">RESERVED11_Handler</a> from startup_ds_cm3.o(.text) referenced from startup_ds_cm3.o(RESET)
 <LI><a href="#[2f]">RESERVED12_Handler</a> from startup_ds_cm3.o(.text) referenced from startup_ds_cm3.o(RESET)
 <LI><a href="#[30]">RESERVED13_Handler</a> from startup_ds_cm3.o(.text) referenced from startup_ds_cm3.o(RESET)
 <LI><a href="#[31]">RESERVED14_Handler</a> from startup_ds_cm3.o(.text) referenced from startup_ds_cm3.o(RESET)
 <LI><a href="#[c]">RESERVED1_Handler</a> from startup_ds_cm3.o(.text) referenced from startup_ds_cm3.o(RESET)
 <LI><a href="#[d]">RESERVED2_Handler</a> from startup_ds_cm3.o(.text) referenced from startup_ds_cm3.o(RESET)
 <LI><a href="#[14]">RESERVED3_Handler</a> from startup_ds_cm3.o(.text) referenced from startup_ds_cm3.o(RESET)
 <LI><a href="#[16]">RESERVED4_Handler</a> from startup_ds_cm3.o(.text) referenced from startup_ds_cm3.o(RESET)
 <LI><a href="#[28]">RESERVED5_Handler</a> from startup_ds_cm3.o(.text) referenced from startup_ds_cm3.o(RESET)
 <LI><a href="#[29]">RESERVED6_Handler</a> from startup_ds_cm3.o(.text) referenced from startup_ds_cm3.o(RESET)
 <LI><a href="#[2a]">RESERVED7_Handler</a> from startup_ds_cm3.o(.text) referenced from startup_ds_cm3.o(RESET)
 <LI><a href="#[2b]">RESERVED8_Handler</a> from startup_ds_cm3.o(.text) referenced from startup_ds_cm3.o(RESET)
 <LI><a href="#[2c]">RESERVED9_Handler</a> from startup_ds_cm3.o(.text) referenced from startup_ds_cm3.o(RESET)
 <LI><a href="#[e]">RTC_Handler</a> from startup_ds_cm3.o(.text) referenced from startup_ds_cm3.o(RESET)
 <LI><a href="#[0]">Reset_Handler</a> from startup_ds_cm3.o(.text) referenced from startup_ds_cm3.o(RESET)
 <LI><a href="#[6]">SVC_Handler</a> from startup_ds_cm3.o(.text) referenced from startup_ds_cm3.o(RESET)
 <LI><a href="#[9]">SysTick_Handler</a> from delay.o(.text.SysTick_Handler) referenced from startup_ds_cm3.o(RESET)
 <LI><a href="#[42]">SystemInit</a> from system_ds_cm3.o(.text.SystemInit) referenced from startup_ds_cm3.o(.text)
 <LI><a href="#[11]">TIMER0_Handler</a> from startup_ds_cm3.o(.text) referenced from startup_ds_cm3.o(RESET)
 <LI><a href="#[12]">TIMER1_Handler</a> from startup_ds_cm3.o(.text) referenced from startup_ds_cm3.o(RESET)
 <LI><a href="#[34]">TRNG_Handler</a> from startup_ds_cm3.o(.text) referenced from startup_ds_cm3.o(RESET)
 <LI><a href="#[17]">TSC_Handler</a> from startup_ds_cm3.o(.text) referenced from startup_ds_cm3.o(RESET)
 <LI><a href="#[a]">UART0_Handler</a> from startup_ds_cm3.o(.text) referenced from startup_ds_cm3.o(RESET)
 <LI><a href="#[b]">UART1_Handler</a> from startup_ds_cm3.o(.text) referenced from startup_ds_cm3.o(RESET)
 <LI><a href="#[35]">UART2_Handler</a> from startup_ds_cm3.o(.text) referenced from startup_ds_cm3.o(RESET)
 <LI><a href="#[36]">UART3_Handler</a> from startup_ds_cm3.o(.text) referenced from startup_ds_cm3.o(RESET)
 <LI><a href="#[40]">UART4_Handler</a> from startup_ds_cm3.o(.text) referenced from startup_ds_cm3.o(RESET)
 <LI><a href="#[15]">UART_OVF_Handler</a> from startup_ds_cm3.o(.text) referenced from startup_ds_cm3.o(RESET)
 <LI><a href="#[5]">UsageFault_Handler</a> from startup_ds_cm3.o(.text) referenced from startup_ds_cm3.o(RESET)
 <LI><a href="#[43]">__main</a> from entry.o(.ARM.Collect$$$$00000000) referenced from startup_ds_cm3.o(.text)
 <LI><a href="#[41]">main</a> from main.o(.text.main) referenced from entry9a.o(.ARM.Collect$$$$0000000B)
</UL>
<P>
<H3>
Global Symbols
</H3>
<P><STRONG><a name="[43]"></a>__main</STRONG> (Thumb, 0 bytes, Stack size unknown bytes, entry.o(.ARM.Collect$$$$00000000))
<BR>[Address Reference Count : 1]<UL><LI> startup_ds_cm3.o(.text)
</UL>
<P><STRONG><a name="[50]"></a>_main_stk</STRONG> (Thumb, 0 bytes, Stack size unknown bytes, entry2.o(.ARM.Collect$$$$00000001))

<P><STRONG><a name="[44]"></a>_main_scatterload</STRONG> (Thumb, 0 bytes, Stack size unknown bytes, entry5.o(.ARM.Collect$$$$00000004))
<BR><BR>[Calls]<UL><LI><a href="#[45]">&gt;&gt;</a>&nbsp;&nbsp;&nbsp;__scatterload
</UL>

<P><STRONG><a name="[46]"></a>__main_after_scatterload</STRONG> (Thumb, 0 bytes, Stack size unknown bytes, entry5.o(.ARM.Collect$$$$00000004))
<BR><BR>[Called By]<UL><LI><a href="#[45]">&gt;&gt;</a>&nbsp;&nbsp;&nbsp;__scatterload
</UL>

<P><STRONG><a name="[51]"></a>_main_clock</STRONG> (Thumb, 0 bytes, Stack size unknown bytes, entry7b.o(.ARM.Collect$$$$00000008))

<P><STRONG><a name="[52]"></a>_main_cpp_init</STRONG> (Thumb, 0 bytes, Stack size unknown bytes, entry8b.o(.ARM.Collect$$$$0000000A))

<P><STRONG><a name="[53]"></a>_main_init</STRONG> (Thumb, 0 bytes, Stack size unknown bytes, entry9a.o(.ARM.Collect$$$$0000000B))

<P><STRONG><a name="[54]"></a>__rt_final_cpp</STRONG> (Thumb, 0 bytes, Stack size unknown bytes, entry10a.o(.ARM.Collect$$$$0000000D))

<P><STRONG><a name="[55]"></a>__rt_final_exit</STRONG> (Thumb, 0 bytes, Stack size unknown bytes, entry11a.o(.ARM.Collect$$$$0000000F))

<P><STRONG><a name="[0]"></a>Reset_Handler</STRONG> (Thumb, 8 bytes, Stack size 0 bytes, startup_ds_cm3.o(.text))
<BR>[Address Reference Count : 1]<UL><LI> startup_ds_cm3.o(RESET)
</UL>
<P><STRONG><a name="[1]"></a>NMI_Handler</STRONG> (Thumb, 2 bytes, Stack size 0 bytes, startup_ds_cm3.o(.text))
<BR><BR>[Calls]<UL><LI><a href="#[1]">&gt;&gt;</a>&nbsp;&nbsp;&nbsp;NMI_Handler
</UL>
<BR>[Called By]<UL><LI><a href="#[1]">&gt;&gt;</a>&nbsp;&nbsp;&nbsp;NMI_Handler
</UL>
<BR>[Address Reference Count : 1]<UL><LI> startup_ds_cm3.o(RESET)
</UL>
<P><STRONG><a name="[2]"></a>HardFault_Handler</STRONG> (Thumb, 2 bytes, Stack size 0 bytes, startup_ds_cm3.o(.text))
<BR><BR>[Calls]<UL><LI><a href="#[2]">&gt;&gt;</a>&nbsp;&nbsp;&nbsp;HardFault_Handler
</UL>
<BR>[Called By]<UL><LI><a href="#[2]">&gt;&gt;</a>&nbsp;&nbsp;&nbsp;HardFault_Handler
</UL>
<BR>[Address Reference Count : 1]<UL><LI> startup_ds_cm3.o(RESET)
</UL>
<P><STRONG><a name="[3]"></a>MemManage_Handler</STRONG> (Thumb, 2 bytes, Stack size 0 bytes, startup_ds_cm3.o(.text))
<BR><BR>[Calls]<UL><LI><a href="#[3]">&gt;&gt;</a>&nbsp;&nbsp;&nbsp;MemManage_Handler
</UL>
<BR>[Called By]<UL><LI><a href="#[3]">&gt;&gt;</a>&nbsp;&nbsp;&nbsp;MemManage_Handler
</UL>
<BR>[Address Reference Count : 1]<UL><LI> startup_ds_cm3.o(RESET)
</UL>
<P><STRONG><a name="[4]"></a>BusFault_Handler</STRONG> (Thumb, 2 bytes, Stack size 0 bytes, startup_ds_cm3.o(.text))
<BR><BR>[Calls]<UL><LI><a href="#[4]">&gt;&gt;</a>&nbsp;&nbsp;&nbsp;BusFault_Handler
</UL>
<BR>[Called By]<UL><LI><a href="#[4]">&gt;&gt;</a>&nbsp;&nbsp;&nbsp;BusFault_Handler
</UL>
<BR>[Address Reference Count : 1]<UL><LI> startup_ds_cm3.o(RESET)
</UL>
<P><STRONG><a name="[5]"></a>UsageFault_Handler</STRONG> (Thumb, 2 bytes, Stack size 0 bytes, startup_ds_cm3.o(.text))
<BR><BR>[Calls]<UL><LI><a href="#[5]">&gt;&gt;</a>&nbsp;&nbsp;&nbsp;UsageFault_Handler
</UL>
<BR>[Called By]<UL><LI><a href="#[5]">&gt;&gt;</a>&nbsp;&nbsp;&nbsp;UsageFault_Handler
</UL>
<BR>[Address Reference Count : 1]<UL><LI> startup_ds_cm3.o(RESET)
</UL>
<P><STRONG><a name="[6]"></a>SVC_Handler</STRONG> (Thumb, 2 bytes, Stack size 0 bytes, startup_ds_cm3.o(.text))
<BR><BR>[Calls]<UL><LI><a href="#[6]">&gt;&gt;</a>&nbsp;&nbsp;&nbsp;SVC_Handler
</UL>
<BR>[Called By]<UL><LI><a href="#[6]">&gt;&gt;</a>&nbsp;&nbsp;&nbsp;SVC_Handler
</UL>
<BR>[Address Reference Count : 1]<UL><LI> startup_ds_cm3.o(RESET)
</UL>
<P><STRONG><a name="[7]"></a>DebugMon_Handler</STRONG> (Thumb, 2 bytes, Stack size 0 bytes, startup_ds_cm3.o(.text))
<BR><BR>[Calls]<UL><LI><a href="#[7]">&gt;&gt;</a>&nbsp;&nbsp;&nbsp;DebugMon_Handler
</UL>
<BR>[Called By]<UL><LI><a href="#[7]">&gt;&gt;</a>&nbsp;&nbsp;&nbsp;DebugMon_Handler
</UL>
<BR>[Address Reference Count : 1]<UL><LI> startup_ds_cm3.o(RESET)
</UL>
<P><STRONG><a name="[8]"></a>PendSV_Handler</STRONG> (Thumb, 2 bytes, Stack size 0 bytes, startup_ds_cm3.o(.text))
<BR><BR>[Calls]<UL><LI><a href="#[8]">&gt;&gt;</a>&nbsp;&nbsp;&nbsp;PendSV_Handler
</UL>
<BR>[Called By]<UL><LI><a href="#[8]">&gt;&gt;</a>&nbsp;&nbsp;&nbsp;PendSV_Handler
</UL>
<BR>[Address Reference Count : 1]<UL><LI> startup_ds_cm3.o(RESET)
</UL>
<P><STRONG><a name="[13]"></a>DUALTIMER_Handler</STRONG> (Thumb, 0 bytes, Stack size 0 bytes, startup_ds_cm3.o(.text))
<BR><BR>[Calls]<UL><LI><a href="#[13]">&gt;&gt;</a>&nbsp;&nbsp;&nbsp;DUALTIMER_Handler
</UL>
<BR>[Called By]<UL><LI><a href="#[13]">&gt;&gt;</a>&nbsp;&nbsp;&nbsp;DUALTIMER_Handler
</UL>
<BR>[Address Reference Count : 1]<UL><LI> startup_ds_cm3.o(RESET)
</UL>
<P><STRONG><a name="[37]"></a>ETHERNET_Handler</STRONG> (Thumb, 0 bytes, Stack size 0 bytes, startup_ds_cm3.o(.text))
<BR>[Address Reference Count : 1]<UL><LI> startup_ds_cm3.o(RESET)
</UL>
<P><STRONG><a name="[18]"></a>GPIO0_0_Handler</STRONG> (Thumb, 0 bytes, Stack size 0 bytes, startup_ds_cm3.o(.text))
<BR>[Address Reference Count : 1]<UL><LI> startup_ds_cm3.o(RESET)
</UL>
<P><STRONG><a name="[22]"></a>GPIO0_10_Handler</STRONG> (Thumb, 0 bytes, Stack size 0 bytes, startup_ds_cm3.o(.text))
<BR>[Address Reference Count : 1]<UL><LI> startup_ds_cm3.o(RESET)
</UL>
<P><STRONG><a name="[23]"></a>GPIO0_11_Handler</STRONG> (Thumb, 0 bytes, Stack size 0 bytes, startup_ds_cm3.o(.text))
<BR>[Address Reference Count : 1]<UL><LI> startup_ds_cm3.o(RESET)
</UL>
<P><STRONG><a name="[24]"></a>GPIO0_12_Handler</STRONG> (Thumb, 0 bytes, Stack size 0 bytes, startup_ds_cm3.o(.text))
<BR>[Address Reference Count : 1]<UL><LI> startup_ds_cm3.o(RESET)
</UL>
<P><STRONG><a name="[25]"></a>GPIO0_13_Handler</STRONG> (Thumb, 0 bytes, Stack size 0 bytes, startup_ds_cm3.o(.text))
<BR>[Address Reference Count : 1]<UL><LI> startup_ds_cm3.o(RESET)
</UL>
<P><STRONG><a name="[26]"></a>GPIO0_14_Handler</STRONG> (Thumb, 0 bytes, Stack size 0 bytes, startup_ds_cm3.o(.text))
<BR>[Address Reference Count : 1]<UL><LI> startup_ds_cm3.o(RESET)
</UL>
<P><STRONG><a name="[27]"></a>GPIO0_15_Handler</STRONG> (Thumb, 0 bytes, Stack size 0 bytes, startup_ds_cm3.o(.text))
<BR>[Address Reference Count : 1]<UL><LI> startup_ds_cm3.o(RESET)
</UL>
<P><STRONG><a name="[19]"></a>GPIO0_1_Handler</STRONG> (Thumb, 0 bytes, Stack size 0 bytes, startup_ds_cm3.o(.text))
<BR>[Address Reference Count : 1]<UL><LI> startup_ds_cm3.o(RESET)
</UL>
<P><STRONG><a name="[1a]"></a>GPIO0_2_Handler</STRONG> (Thumb, 0 bytes, Stack size 0 bytes, startup_ds_cm3.o(.text))
<BR>[Address Reference Count : 1]<UL><LI> startup_ds_cm3.o(RESET)
</UL>
<P><STRONG><a name="[1b]"></a>GPIO0_3_Handler</STRONG> (Thumb, 0 bytes, Stack size 0 bytes, startup_ds_cm3.o(.text))
<BR>[Address Reference Count : 1]<UL><LI> startup_ds_cm3.o(RESET)
</UL>
<P><STRONG><a name="[1c]"></a>GPIO0_4_Handler</STRONG> (Thumb, 0 bytes, Stack size 0 bytes, startup_ds_cm3.o(.text))
<BR>[Address Reference Count : 1]<UL><LI> startup_ds_cm3.o(RESET)
</UL>
<P><STRONG><a name="[1d]"></a>GPIO0_5_Handler</STRONG> (Thumb, 0 bytes, Stack size 0 bytes, startup_ds_cm3.o(.text))
<BR>[Address Reference Count : 1]<UL><LI> startup_ds_cm3.o(RESET)
</UL>
<P><STRONG><a name="[1e]"></a>GPIO0_6_Handler</STRONG> (Thumb, 0 bytes, Stack size 0 bytes, startup_ds_cm3.o(.text))
<BR>[Address Reference Count : 1]<UL><LI> startup_ds_cm3.o(RESET)
</UL>
<P><STRONG><a name="[1f]"></a>GPIO0_7_Handler</STRONG> (Thumb, 0 bytes, Stack size 0 bytes, startup_ds_cm3.o(.text))
<BR>[Address Reference Count : 1]<UL><LI> startup_ds_cm3.o(RESET)
</UL>
<P><STRONG><a name="[20]"></a>GPIO0_8_Handler</STRONG> (Thumb, 0 bytes, Stack size 0 bytes, startup_ds_cm3.o(.text))
<BR>[Address Reference Count : 1]<UL><LI> startup_ds_cm3.o(RESET)
</UL>
<P><STRONG><a name="[21]"></a>GPIO0_9_Handler</STRONG> (Thumb, 0 bytes, Stack size 0 bytes, startup_ds_cm3.o(.text))
<BR>[Address Reference Count : 1]<UL><LI> startup_ds_cm3.o(RESET)
</UL>
<P><STRONG><a name="[f]"></a>GPIO0_Handler</STRONG> (Thumb, 0 bytes, Stack size 0 bytes, startup_ds_cm3.o(.text))
<BR>[Address Reference Count : 1]<UL><LI> startup_ds_cm3.o(RESET)
</UL>
<P><STRONG><a name="[10]"></a>GPIO1_Handler</STRONG> (Thumb, 0 bytes, Stack size 0 bytes, startup_ds_cm3.o(.text))
<BR>[Address Reference Count : 1]<UL><LI> startup_ds_cm3.o(RESET)
</UL>
<P><STRONG><a name="[32]"></a>GPIO2_Handler</STRONG> (Thumb, 0 bytes, Stack size 0 bytes, startup_ds_cm3.o(.text))
<BR>[Address Reference Count : 1]<UL><LI> startup_ds_cm3.o(RESET)
</UL>
<P><STRONG><a name="[33]"></a>GPIO3_Handler</STRONG> (Thumb, 0 bytes, Stack size 0 bytes, startup_ds_cm3.o(.text))
<BR>[Address Reference Count : 1]<UL><LI> startup_ds_cm3.o(RESET)
</UL>
<P><STRONG><a name="[3e]"></a>GPIO4_Handler</STRONG> (Thumb, 0 bytes, Stack size 0 bytes, startup_ds_cm3.o(.text))
<BR>[Address Reference Count : 1]<UL><LI> startup_ds_cm3.o(RESET)
</UL>
<P><STRONG><a name="[3f]"></a>GPIO5_Handler</STRONG> (Thumb, 0 bytes, Stack size 0 bytes, startup_ds_cm3.o(.text))
<BR>[Address Reference Count : 1]<UL><LI> startup_ds_cm3.o(RESET)
</UL>
<P><STRONG><a name="[38]"></a>I2S_Handler</STRONG> (Thumb, 0 bytes, Stack size 0 bytes, startup_ds_cm3.o(.text))
<BR>[Address Reference Count : 1]<UL><LI> startup_ds_cm3.o(RESET)
</UL>
<P><STRONG><a name="[39]"></a>MPS2_SPI0_Handler</STRONG> (Thumb, 0 bytes, Stack size 0 bytes, startup_ds_cm3.o(.text))
<BR>[Address Reference Count : 1]<UL><LI> startup_ds_cm3.o(RESET)
</UL>
<P><STRONG><a name="[3a]"></a>MPS2_SPI1_Handler</STRONG> (Thumb, 0 bytes, Stack size 0 bytes, startup_ds_cm3.o(.text))
<BR>[Address Reference Count : 1]<UL><LI> startup_ds_cm3.o(RESET)
</UL>
<P><STRONG><a name="[3b]"></a>MPS2_SPI2_Handler</STRONG> (Thumb, 0 bytes, Stack size 0 bytes, startup_ds_cm3.o(.text))
<BR>[Address Reference Count : 1]<UL><LI> startup_ds_cm3.o(RESET)
</UL>
<P><STRONG><a name="[3c]"></a>MPS2_SPI3_Handler</STRONG> (Thumb, 0 bytes, Stack size 0 bytes, startup_ds_cm3.o(.text))
<BR>[Address Reference Count : 1]<UL><LI> startup_ds_cm3.o(RESET)
</UL>
<P><STRONG><a name="[3d]"></a>MPS2_SPI4_Handler</STRONG> (Thumb, 0 bytes, Stack size 0 bytes, startup_ds_cm3.o(.text))
<BR>[Address Reference Count : 1]<UL><LI> startup_ds_cm3.o(RESET)
</UL>
<P><STRONG><a name="[2d]"></a>RESERVED10_Handler</STRONG> (Thumb, 0 bytes, Stack size 0 bytes, startup_ds_cm3.o(.text))
<BR>[Address Reference Count : 1]<UL><LI> startup_ds_cm3.o(RESET)
</UL>
<P><STRONG><a name="[2e]"></a>RESERVED11_Handler</STRONG> (Thumb, 0 bytes, Stack size 0 bytes, startup_ds_cm3.o(.text))
<BR>[Address Reference Count : 1]<UL><LI> startup_ds_cm3.o(RESET)
</UL>
<P><STRONG><a name="[2f]"></a>RESERVED12_Handler</STRONG> (Thumb, 0 bytes, Stack size 0 bytes, startup_ds_cm3.o(.text))
<BR>[Address Reference Count : 1]<UL><LI> startup_ds_cm3.o(RESET)
</UL>
<P><STRONG><a name="[30]"></a>RESERVED13_Handler</STRONG> (Thumb, 0 bytes, Stack size 0 bytes, startup_ds_cm3.o(.text))
<BR>[Address Reference Count : 1]<UL><LI> startup_ds_cm3.o(RESET)
</UL>
<P><STRONG><a name="[31]"></a>RESERVED14_Handler</STRONG> (Thumb, 0 bytes, Stack size 0 bytes, startup_ds_cm3.o(.text))
<BR>[Address Reference Count : 1]<UL><LI> startup_ds_cm3.o(RESET)
</UL>
<P><STRONG><a name="[c]"></a>RESERVED1_Handler</STRONG> (Thumb, 0 bytes, Stack size 0 bytes, startup_ds_cm3.o(.text))
<BR>[Address Reference Count : 1]<UL><LI> startup_ds_cm3.o(RESET)
</UL>
<P><STRONG><a name="[d]"></a>RESERVED2_Handler</STRONG> (Thumb, 0 bytes, Stack size 0 bytes, startup_ds_cm3.o(.text))
<BR>[Address Reference Count : 1]<UL><LI> startup_ds_cm3.o(RESET)
</UL>
<P><STRONG><a name="[14]"></a>RESERVED3_Handler</STRONG> (Thumb, 0 bytes, Stack size 0 bytes, startup_ds_cm3.o(.text))
<BR>[Address Reference Count : 1]<UL><LI> startup_ds_cm3.o(RESET)
</UL>
<P><STRONG><a name="[16]"></a>RESERVED4_Handler</STRONG> (Thumb, 0 bytes, Stack size 0 bytes, startup_ds_cm3.o(.text))
<BR>[Address Reference Count : 1]<UL><LI> startup_ds_cm3.o(RESET)
</UL>
<P><STRONG><a name="[28]"></a>RESERVED5_Handler</STRONG> (Thumb, 0 bytes, Stack size 0 bytes, startup_ds_cm3.o(.text))
<BR>[Address Reference Count : 1]<UL><LI> startup_ds_cm3.o(RESET)
</UL>
<P><STRONG><a name="[29]"></a>RESERVED6_Handler</STRONG> (Thumb, 0 bytes, Stack size 0 bytes, startup_ds_cm3.o(.text))
<BR>[Address Reference Count : 1]<UL><LI> startup_ds_cm3.o(RESET)
</UL>
<P><STRONG><a name="[2a]"></a>RESERVED7_Handler</STRONG> (Thumb, 0 bytes, Stack size 0 bytes, startup_ds_cm3.o(.text))
<BR>[Address Reference Count : 1]<UL><LI> startup_ds_cm3.o(RESET)
</UL>
<P><STRONG><a name="[2b]"></a>RESERVED8_Handler</STRONG> (Thumb, 0 bytes, Stack size 0 bytes, startup_ds_cm3.o(.text))
<BR>[Address Reference Count : 1]<UL><LI> startup_ds_cm3.o(RESET)
</UL>
<P><STRONG><a name="[2c]"></a>RESERVED9_Handler</STRONG> (Thumb, 0 bytes, Stack size 0 bytes, startup_ds_cm3.o(.text))
<BR>[Address Reference Count : 1]<UL><LI> startup_ds_cm3.o(RESET)
</UL>
<P><STRONG><a name="[e]"></a>RTC_Handler</STRONG> (Thumb, 0 bytes, Stack size 0 bytes, startup_ds_cm3.o(.text))
<BR>[Address Reference Count : 1]<UL><LI> startup_ds_cm3.o(RESET)
</UL>
<P><STRONG><a name="[11]"></a>TIMER0_Handler</STRONG> (Thumb, 0 bytes, Stack size 0 bytes, startup_ds_cm3.o(.text))
<BR>[Address Reference Count : 1]<UL><LI> startup_ds_cm3.o(RESET)
</UL>
<P><STRONG><a name="[12]"></a>TIMER1_Handler</STRONG> (Thumb, 0 bytes, Stack size 0 bytes, startup_ds_cm3.o(.text))
<BR>[Address Reference Count : 1]<UL><LI> startup_ds_cm3.o(RESET)
</UL>
<P><STRONG><a name="[34]"></a>TRNG_Handler</STRONG> (Thumb, 0 bytes, Stack size 0 bytes, startup_ds_cm3.o(.text))
<BR>[Address Reference Count : 1]<UL><LI> startup_ds_cm3.o(RESET)
</UL>
<P><STRONG><a name="[17]"></a>TSC_Handler</STRONG> (Thumb, 0 bytes, Stack size 0 bytes, startup_ds_cm3.o(.text))
<BR>[Address Reference Count : 1]<UL><LI> startup_ds_cm3.o(RESET)
</UL>
<P><STRONG><a name="[a]"></a>UART0_Handler</STRONG> (Thumb, 0 bytes, Stack size 0 bytes, startup_ds_cm3.o(.text))
<BR>[Address Reference Count : 1]<UL><LI> startup_ds_cm3.o(RESET)
</UL>
<P><STRONG><a name="[b]"></a>UART1_Handler</STRONG> (Thumb, 0 bytes, Stack size 0 bytes, startup_ds_cm3.o(.text))
<BR>[Address Reference Count : 1]<UL><LI> startup_ds_cm3.o(RESET)
</UL>
<P><STRONG><a name="[35]"></a>UART2_Handler</STRONG> (Thumb, 0 bytes, Stack size 0 bytes, startup_ds_cm3.o(.text))
<BR>[Address Reference Count : 1]<UL><LI> startup_ds_cm3.o(RESET)
</UL>
<P><STRONG><a name="[36]"></a>UART3_Handler</STRONG> (Thumb, 0 bytes, Stack size 0 bytes, startup_ds_cm3.o(.text))
<BR>[Address Reference Count : 1]<UL><LI> startup_ds_cm3.o(RESET)
</UL>
<P><STRONG><a name="[40]"></a>UART4_Handler</STRONG> (Thumb, 0 bytes, Stack size 0 bytes, startup_ds_cm3.o(.text))
<BR>[Address Reference Count : 1]<UL><LI> startup_ds_cm3.o(RESET)
</UL>
<P><STRONG><a name="[15]"></a>UART_OVF_Handler</STRONG> (Thumb, 0 bytes, Stack size 0 bytes, startup_ds_cm3.o(.text))
<BR>[Address Reference Count : 1]<UL><LI> startup_ds_cm3.o(RESET)
</UL>
<P><STRONG><a name="[4f]"></a>strlen</STRONG> (Thumb, 14 bytes, Stack size 0 bytes, strlen.o(.text))
<BR><BR>[Called By]<UL><LI><a href="#[41]">&gt;&gt;</a>&nbsp;&nbsp;&nbsp;main
</UL>

<P><STRONG><a name="[45]"></a>__scatterload</STRONG> (Thumb, 28 bytes, Stack size 0 bytes, init.o(.text))
<BR><BR>[Calls]<UL><LI><a href="#[46]">&gt;&gt;</a>&nbsp;&nbsp;&nbsp;__main_after_scatterload
</UL>
<BR>[Called By]<UL><LI><a href="#[44]">&gt;&gt;</a>&nbsp;&nbsp;&nbsp;_main_scatterload
</UL>

<P><STRONG><a name="[56]"></a>__scatterload_rt2</STRONG> (Thumb, 0 bytes, Stack size 0 bytes, init.o(.text), UNUSED)

<P><STRONG><a name="[47]"></a>Delay_Init</STRONG> (Thumb, 76 bytes, Stack size 8 bytes, delay.o(.text.Delay_Init))
<BR><BR>[Stack]<UL><LI>Max Depth = 8<LI>Call Chain = Delay_Init
</UL>
<BR>[Calls]<UL><LI><a href="#[48]">&gt;&gt;</a>&nbsp;&nbsp;&nbsp;SystemCoreClockUpdate
</UL>
<BR>[Called By]<UL><LI><a href="#[41]">&gt;&gt;</a>&nbsp;&nbsp;&nbsp;main
</UL>

<P><STRONG><a name="[4e]"></a>Delay_ms</STRONG> (Thumb, 20 bytes, Stack size 0 bytes, delay.o(.text.Delay_ms))
<BR><BR>[Called By]<UL><LI><a href="#[41]">&gt;&gt;</a>&nbsp;&nbsp;&nbsp;main
</UL>

<P><STRONG><a name="[49]"></a>SPI_Init</STRONG> (Thumb, 32 bytes, Stack size 8 bytes, spi.o(.text.SPI_Init))
<BR><BR>[Stack]<UL><LI>Max Depth = 8<LI>Call Chain = SPI_Init
</UL>
<BR>[Calls]<UL><LI><a href="#[4c]">&gt;&gt;</a>&nbsp;&nbsp;&nbsp;ZGPIO_ResetBits
<LI><a href="#[4b]">&gt;&gt;</a>&nbsp;&nbsp;&nbsp;ZGPIO_SetBits
<LI><a href="#[4a]">&gt;&gt;</a>&nbsp;&nbsp;&nbsp;ZGPIO_SetDirection
</UL>
<BR>[Called By]<UL><LI><a href="#[41]">&gt;&gt;</a>&nbsp;&nbsp;&nbsp;main
</UL>

<P><STRONG><a name="[4d]"></a>SPI_WriteBuffer</STRONG> (Thumb, 102 bytes, Stack size 32 bytes, spi.o(.text.SPI_WriteBuffer))
<BR><BR>[Stack]<UL><LI>Max Depth = 32<LI>Call Chain = SPI_WriteBuffer
</UL>
<BR>[Calls]<UL><LI><a href="#[4c]">&gt;&gt;</a>&nbsp;&nbsp;&nbsp;ZGPIO_ResetBits
<LI><a href="#[4b]">&gt;&gt;</a>&nbsp;&nbsp;&nbsp;ZGPIO_SetBits
</UL>
<BR>[Called By]<UL><LI><a href="#[41]">&gt;&gt;</a>&nbsp;&nbsp;&nbsp;main
</UL>

<P><STRONG><a name="[9]"></a>SysTick_Handler</STRONG> (Thumb, 16 bytes, Stack size 0 bytes, delay.o(.text.SysTick_Handler))
<BR>[Address Reference Count : 1]<UL><LI> startup_ds_cm3.o(RESET)
</UL>
<P><STRONG><a name="[48]"></a>SystemCoreClockUpdate</STRONG> (Thumb, 20 bytes, Stack size 0 bytes, system_ds_cm3.o(.text.SystemCoreClockUpdate))
<BR><BR>[Called By]<UL><LI><a href="#[47]">&gt;&gt;</a>&nbsp;&nbsp;&nbsp;Delay_Init
</UL>

<P><STRONG><a name="[42]"></a>SystemInit</STRONG> (Thumb, 20 bytes, Stack size 0 bytes, system_ds_cm3.o(.text.SystemInit))
<BR>[Address Reference Count : 1]<UL><LI> startup_ds_cm3.o(.text)
</UL>
<P><STRONG><a name="[4c]"></a>ZGPIO_ResetBits</STRONG> (Thumb, 14 bytes, Stack size 0 bytes, zgpio.o(.text.ZGPIO_ResetBits))
<BR><BR>[Called By]<UL><LI><a href="#[4d]">&gt;&gt;</a>&nbsp;&nbsp;&nbsp;SPI_WriteBuffer
<LI><a href="#[49]">&gt;&gt;</a>&nbsp;&nbsp;&nbsp;SPI_Init
<LI><a href="#[41]">&gt;&gt;</a>&nbsp;&nbsp;&nbsp;main
</UL>

<P><STRONG><a name="[4b]"></a>ZGPIO_SetBits</STRONG> (Thumb, 12 bytes, Stack size 0 bytes, zgpio.o(.text.ZGPIO_SetBits))
<BR><BR>[Called By]<UL><LI><a href="#[4d]">&gt;&gt;</a>&nbsp;&nbsp;&nbsp;SPI_WriteBuffer
<LI><a href="#[49]">&gt;&gt;</a>&nbsp;&nbsp;&nbsp;SPI_Init
<LI><a href="#[41]">&gt;&gt;</a>&nbsp;&nbsp;&nbsp;main
</UL>

<P><STRONG><a name="[4a]"></a>ZGPIO_SetDirection</STRONG> (Thumb, 32 bytes, Stack size 0 bytes, zgpio.o(.text.ZGPIO_SetDirection))
<BR><BR>[Called By]<UL><LI><a href="#[49]">&gt;&gt;</a>&nbsp;&nbsp;&nbsp;SPI_Init
<LI><a href="#[41]">&gt;&gt;</a>&nbsp;&nbsp;&nbsp;main
</UL>

<P><STRONG><a name="[41]"></a>main</STRONG> (Thumb, 70 bytes, Stack size 0 bytes, main.o(.text.main))
<BR><BR>[Stack]<UL><LI>Max Depth = 32<LI>Call Chain = main &rArr; SPI_WriteBuffer
</UL>
<BR>[Calls]<UL><LI><a href="#[4f]">&gt;&gt;</a>&nbsp;&nbsp;&nbsp;strlen
<LI><a href="#[4d]">&gt;&gt;</a>&nbsp;&nbsp;&nbsp;SPI_WriteBuffer
<LI><a href="#[4c]">&gt;&gt;</a>&nbsp;&nbsp;&nbsp;ZGPIO_ResetBits
<LI><a href="#[4e]">&gt;&gt;</a>&nbsp;&nbsp;&nbsp;Delay_ms
<LI><a href="#[4b]">&gt;&gt;</a>&nbsp;&nbsp;&nbsp;ZGPIO_SetBits
<LI><a href="#[47]">&gt;&gt;</a>&nbsp;&nbsp;&nbsp;Delay_Init
<LI><a href="#[49]">&gt;&gt;</a>&nbsp;&nbsp;&nbsp;SPI_Init
<LI><a href="#[4a]">&gt;&gt;</a>&nbsp;&nbsp;&nbsp;ZGPIO_SetDirection
</UL>
<BR>[Address Reference Count : 1]<UL><LI> entry9a.o(.ARM.Collect$$$$0000000B)
</UL>
<P><STRONG><a name="[57]"></a>__scatterload_copy</STRONG> (Thumb, 14 bytes, Stack size unknown bytes, handlers.o(i.__scatterload_copy), UNUSED)

<P><STRONG><a name="[58]"></a>__scatterload_null</STRONG> (Thumb, 2 bytes, Stack size unknown bytes, handlers.o(i.__scatterload_null), UNUSED)

<P><STRONG><a name="[59]"></a>__scatterload_zeroinit</STRONG> (Thumb, 14 bytes, Stack size unknown bytes, handlers.o(i.__scatterload_zeroinit), UNUSED)
<P>
<H3>
Local Symbols
</H3><P>
<H3>
Undefined Global Symbols
</H3><HR></body></html>
